--------------------------------------------------------------------------------
Release 14.7 Trace  (nt64)
Copyright (c) 1995-2013 Xilinx, Inc.  All rights reserved.

C:\Xilinx\14.7\ISE_DS\ISE\bin\nt64\unwrapped\trce.exe -intstyle ise -v 3 -s 3
-n 3 -fastpaths -xml convert_to_capital_or_small.twx
convert_to_capital_or_small.ncd -o convert_to_capital_or_small.twr
convert_to_capital_or_small.pcf

Design file:              convert_to_capital_or_small.ncd
Physical constraint file: convert_to_capital_or_small.pcf
Device,package,speed:     xc6slx4,tqg144,C,-3 (PRODUCTION 1.23 2013-10-13)
Report level:             verbose report

Environment Variable      Effect 
--------------------      ------ 
NONE                      No environment variables were set
--------------------------------------------------------------------------------

INFO:Timing:2698 - No timing constraints found, doing default enumeration.
INFO:Timing:3412 - To improve timing, see the Timing Closure User Guide (UG612).
INFO:Timing:2752 - To get complete path coverage, use the unconstrained paths 
   option. All paths that are not constrained will be reported in the 
   unconstrained paths section(s) of the report.
INFO:Timing:3339 - The clock-to-out numbers in this timing report are based on 
   a 50 Ohm transmission line loading model.  For the details of this model, 
   and for more information on accounting for different loading conditions, 
   please see the device datasheet.



Data Sheet report:
-----------------
All values displayed in nanoseconds (ns)

Pad to Pad
---------------+---------------+---------+
Source Pad     |Destination Pad|  Delay  |
---------------+---------------+---------+
in<0>          |out<0>         |    5.883|
in<1>          |out<1>         |    5.700|
in<2>          |out<2>         |    5.423|
in<3>          |out<3>         |    5.375|
in<4>          |out<4>         |    5.616|
in<5>          |cap            |    6.591|
in<5>          |out<5>         |    5.804|
in<6>          |out<6>         |    5.481|
in<7>          |out<7>         |    5.444|
---------------+---------------+---------+


Analysis completed Sun Oct 18 18:59:14 2020 
--------------------------------------------------------------------------------

Trace Settings:
-------------------------
Trace Settings 

Peak Memory Usage: 4554 MB



